// Jest Snapshot v1, https://goo.gl/fbAQLP

exports[`renders a snapshot 1`] = `
<div
  className="App"
>
  <header
    className="App-header"
  >
    <img
      alt="logo"
      className="App-logo"
      src="logo.svg"
    />
    <p>
      Edit 
      <code>
        src/App.js
      </code>
       and save to reload.
    </p>
    <a
      className="App-link"
      href="https://reactjs.org"
      rel="noopener noreferrer"
      target="_blank"
    >
      Learn React
    </a>
    <p>
      more code here. some more code.add something more.more and more
    </p>
    <div
      className="git-hub-card"
    >
      <h1>
        Mandeep Kaur
      </h1>
      <h2>
        About Me
      </h2>
    </div>
  </header>
</div>
`;
